------------------------------------------------------------
Timing Analyzer Summary
------------------------------------------------------------

Type  : Slow 1200mV 85C Model Setup 'clock'
Slack : -10.327
TNS   : -5770.058

Type  : Slow 1200mV 85C Model Hold 'clock'
Slack : 0.300
TNS   : 0.000

Type  : Slow 1200mV 85C Model Recovery 'clock'
Slack : -0.702
TNS   : -21.762

Type  : Slow 1200mV 85C Model Removal 'clock'
Slack : 1.229
TNS   : 0.000

Type  : Slow 1200mV 85C Model Minimum Pulse Width 'clock'
Slack : -3.000
TNS   : -1480.916

Type  : Slow 1200mV 0C Model Setup 'clock'
Slack : -9.153
TNS   : -5052.975

Type  : Slow 1200mV 0C Model Hold 'clock'
Slack : 0.267
TNS   : 0.000

Type  : Slow 1200mV 0C Model Recovery 'clock'
Slack : -0.544
TNS   : -16.864

Type  : Slow 1200mV 0C Model Removal 'clock'
Slack : 1.107
TNS   : 0.000

Type  : Slow 1200mV 0C Model Minimum Pulse Width 'clock'
Slack : -3.000
TNS   : -1480.916

Type  : Fast 1200mV 0C Model Setup 'clock'
Slack : -5.523
TNS   : -2884.433

Type  : Fast 1200mV 0C Model Hold 'clock'
Slack : 0.153
TNS   : 0.000

Type  : Fast 1200mV 0C Model Recovery 'clock'
Slack : 0.039
TNS   : 0.000

Type  : Fast 1200mV 0C Model Removal 'clock'
Slack : 0.672
TNS   : 0.000

Type  : Fast 1200mV 0C Model Minimum Pulse Width 'clock'
Slack : -3.000
TNS   : -1572.690

------------------------------------------------------------
